// Jest Snapshot v1, https://goo.gl/fbAQLP

exports[`Some component renders correctly 1`] = `
<View
  style={
    Array [
      Object {
        "width": "100%",
      },
      Object {},
    ]
  }
>
  <View
    style={
      Array [
        Object {
          "alignItems": "center",
          "backgroundColor": "#FFFFFF",
          "borderColor": "#BDBDBD",
          "borderRadius": 4,
          "borderWidth": 1,
          "flexDirection": "row",
          "justifyContent": "space-between",
          "padding": 16,
          "width": "100%",
        },
        false,
        Object {},
      ]
    }
  >
    <TextInput
      allowFontScaling={true}
      onChangeText={[Function]}
      placeholder=""
      placeholderTextColor="#BDBDBD"
      rejectResponderTermination={true}
      secureTextEntry={false}
      style={
        Array [
          Object {
            "color": "#333333",
            "flex": 1,
            "fontFamily": "Roboto-Regular",
            "fontSize": 16,
            "lineHeight": 19,
            "padding": 0,
          },
          Object {},
        ]
      }
      underlineColorAndroid="transparent"
      value=""
    />
  </View>
  <View
    style={
      Object {
        "alignItems": "center",
        "flexDirection": "row",
        "justifyContent": "space-between",
        "width": "100%",
      }
    }
  >
    <View />
  </View>
</View>
`;
